Archive member included to satisfy reference by file (symbol)

C:\Users\namekarp\workspace\stm3240g-eval_stdperiph_lib\Debug\libstm3240g-eval_stdperiph_lib.a(stm32f4xx_gpio.o)
                              src/SW_LED_PJN.o (GPIO_Init)
C:\Users\namekarp\workspace\stm3240g-eval_stdperiph_lib\Debug\libstm3240g-eval_stdperiph_lib.a(stm32f4xx_rcc.o)
                              src/SW_LED_PJN.o (RCC_AHB1PeriphClockCmd)
C:\Users\namekarp\workspace\stm3240g-eval_stdperiph_lib\Debug\libstm3240g-eval_stdperiph_lib.a(stm32f4xx_usart.o)
                              src/serial_io.o (USART_SendData)
C:\Users\namekarp\workspace\stm3240g-eval_stdperiph_lib\Debug\libstm3240g-eval_stdperiph_lib.a(stm324xg_eval.o)
                              src/serial_io.o (STM_EVAL_COMInit)
C:\Users\namekarp\workspace\stm3240g-eval_stdperiph_lib\Debug\libstm3240g-eval_stdperiph_lib.a(stm32f4xx_dma.o)
                              C:\Users\namekarp\workspace\stm3240g-eval_stdperiph_lib\Debug\libstm3240g-eval_stdperiph_lib.a(stm324xg_eval.o) (DMA_DeInit)
C:\Users\namekarp\workspace\stm3240g-eval_stdperiph_lib\Debug\libstm3240g-eval_stdperiph_lib.a(stm32f4xx_exti.o)
                              C:\Users\namekarp\workspace\stm3240g-eval_stdperiph_lib\Debug\libstm3240g-eval_stdperiph_lib.a(stm324xg_eval.o) (EXTI_Init)
C:\Users\namekarp\workspace\stm3240g-eval_stdperiph_lib\Debug\libstm3240g-eval_stdperiph_lib.a(stm32f4xx_i2c.o)
                              C:\Users\namekarp\workspace\stm3240g-eval_stdperiph_lib\Debug\libstm3240g-eval_stdperiph_lib.a(stm324xg_eval.o) (I2C_DeInit)
C:\Users\namekarp\workspace\stm3240g-eval_stdperiph_lib\Debug\libstm3240g-eval_stdperiph_lib.a(stm32f4xx_misc.o)
                              C:\Users\namekarp\workspace\stm3240g-eval_stdperiph_lib\Debug\libstm3240g-eval_stdperiph_lib.a(stm324xg_eval.o) (NVIC_Init)
C:\Users\namekarp\workspace\stm3240g-eval_stdperiph_lib\Debug\libstm3240g-eval_stdperiph_lib.a(stm32f4xx_sdio.o)
                              C:\Users\namekarp\workspace\stm3240g-eval_stdperiph_lib\Debug\libstm3240g-eval_stdperiph_lib.a(stm324xg_eval.o) (SDIO_DeInit)
C:\Users\namekarp\workspace\stm3240g-eval_stdperiph_lib\Debug\libstm3240g-eval_stdperiph_lib.a(stm32f4xx_syscfg.o)
                              C:\Users\namekarp\workspace\stm3240g-eval_stdperiph_lib\Debug\libstm3240g-eval_stdperiph_lib.a(stm324xg_eval.o) (SYSCFG_EXTILineConfig)
c:/ac6/systemworkbench/plugins/fr.ac6.mcu.externaltools.arm-none.win32_1.7.0.201602121829/tools/compiler/bin/../lib/gcc/arm-none-eabi/5.2.1/../../../../arm-none-eabi/lib/armv7e-m/fpu\libc.a(lib_a-errno.o)
                              src/syscalls.o (__errno)
c:/ac6/systemworkbench/plugins/fr.ac6.mcu.externaltools.arm-none.win32_1.7.0.201602121829/tools/compiler/bin/../lib/gcc/arm-none-eabi/5.2.1/../../../../arm-none-eabi/lib/armv7e-m/fpu\libc.a(lib_a-exit.o)
                              c:/ac6/systemworkbench/plugins/fr.ac6.mcu.externaltools.arm-none.win32_1.7.0.201602121829/tools/compiler/bin/../lib/gcc/arm-none-eabi/5.2.1/../../../../arm-none-eabi/lib/armv7e-m/fpu/crt0.o (exit)
c:/ac6/systemworkbench/plugins/fr.ac6.mcu.externaltools.arm-none.win32_1.7.0.201602121829/tools/compiler/bin/../lib/gcc/arm-none-eabi/5.2.1/../../../../arm-none-eabi/lib/armv7e-m/fpu\libc.a(lib_a-impure.o)
                              c:/ac6/systemworkbench/plugins/fr.ac6.mcu.externaltools.arm-none.win32_1.7.0.201602121829/tools/compiler/bin/../lib/gcc/arm-none-eabi/5.2.1/../../../../arm-none-eabi/lib/armv7e-m/fpu\libc.a(lib_a-exit.o) (_global_impure_ptr)
c:/ac6/systemworkbench/plugins/fr.ac6.mcu.externaltools.arm-none.win32_1.7.0.201602121829/tools/compiler/bin/../lib/gcc/arm-none-eabi/5.2.1/../../../../arm-none-eabi/lib/armv7e-m/fpu\libc.a(lib_a-init.o)
                              c:/ac6/systemworkbench/plugins/fr.ac6.mcu.externaltools.arm-none.win32_1.7.0.201602121829/tools/compiler/bin/../lib/gcc/arm-none-eabi/5.2.1/../../../../arm-none-eabi/lib/armv7e-m/fpu/crt0.o (__libc_init_array)
c:/ac6/systemworkbench/plugins/fr.ac6.mcu.externaltools.arm-none.win32_1.7.0.201602121829/tools/compiler/bin/../lib/gcc/arm-none-eabi/5.2.1/../../../../arm-none-eabi/lib/armv7e-m/fpu\libc.a(lib_a-memset.o)
                              c:/ac6/systemworkbench/plugins/fr.ac6.mcu.externaltools.arm-none.win32_1.7.0.201602121829/tools/compiler/bin/../lib/gcc/arm-none-eabi/5.2.1/../../../../arm-none-eabi/lib/armv7e-m/fpu/crt0.o (memset)
c:/ac6/systemworkbench/plugins/fr.ac6.mcu.externaltools.arm-none.win32_1.7.0.201602121829/tools/compiler/bin/../lib/gcc/arm-none-eabi/5.2.1/../../../../arm-none-eabi/lib/armv7e-m/fpu\libc.a(lib_a-__call_atexit.o)
                              c:/ac6/systemworkbench/plugins/fr.ac6.mcu.externaltools.arm-none.win32_1.7.0.201602121829/tools/compiler/bin/../lib/gcc/arm-none-eabi/5.2.1/../../../../arm-none-eabi/lib/armv7e-m/fpu\libc.a(lib_a-exit.o) (__call_exitprocs)
[...]
Memory Configuration

Name             Origin             Length             Attributes
FLASH            0x08000000         0x00100000         xr
RAM              0x20000000         0x00020000         xrw
CCMRAM           0x10000000         0x00010000         xrw
MEMORY_B1        0x60000000         0x00000000         xr
ExtRAM           0x64080000         0x00200000         rw
*default*        0x00000000         0xffffffff

Linker script and memory map

LOAD c:/ac6/systemworkbench/plugins/fr.ac6.mcu.externaltools.arm-none.win32_1.7.0.201602121829/tools/compiler/bin/../lib/gcc/arm-none-eabi/5.2.1/armv7e-m/fpu/crti.o
LOAD c:/ac6/systemworkbench/plugins/fr.ac6.mcu.externaltools.arm-none.win32_1.7.0.201602121829/tools/compiler/bin/../lib/gcc/arm-none-eabi/5.2.1/armv7e-m/fpu/crtbegin.o
LOAD c:/ac6/systemworkbench/plugins/fr.ac6.mcu.externaltools.arm-none.win32_1.7.0.201602121829/tools/compiler/bin/../lib/gcc/arm-none-eabi/5.2.1/../../../../arm-none-eabi/lib/armv7e-m/fpu/crt0.o
LOAD c:/ac6/systemworkbench/plugins/fr.ac6.mcu.externaltools.arm-none.win32_1.7.0.201602121829/tools/compiler/bin/../lib/gcc/arm-none-eabi/5.2.1/../../../../arm-none-eabi/lib/armv7e-m/fpu\libm.a
LOAD src/SW_LED_PJN.o
LOAD src/main.o
LOAD src/serial_io.o
LOAD src/syscalls.o
LOAD src/system_stm32f4xx.o
LOAD startup/startup_stm32f40xx.o
LOAD C:\Users\namekarp\workspace\stm3240g-eval_stdperiph_lib\Debug\libstm3240g-eval_stdperiph_lib.a
START GROUP
LOAD c:/ac6/systemworkbench/plugins/fr.ac6.mcu.externaltools.arm-none.win32_1.7.0.201602121829/tools/compiler/bin/../lib/gcc/arm-none-eabi/5.2.1/armv7e-m/fpu\libgcc.a
LOAD c:/ac6/systemworkbench/plugins/fr.ac6.mcu.externaltools.arm-none.win32_1.7.0.201602121829/tools/compiler/bin/../lib/gcc/arm-none-eabi/5.2.1/../../../../arm-none-eabi/lib/armv7e-m/fpu\libc.a
END GROUP
LOAD c:/ac6/systemworkbench/plugins/fr.ac6.mcu.externaltools.arm-none.win32_1.7.0.201602121829/tools/compiler/bin/../lib/gcc/arm-none-eabi/5.2.1/armv7e-m/fpu/crtend.o
LOAD c:/ac6/systemworkbench/plugins/fr.ac6.mcu.externaltools.arm-none.win32_1.7.0.201602121829/tools/compiler/bin/../lib/gcc/arm-none-eabi/5.2.1/armv7e-m/fpu/crtn.o
                0x20020000                _estack = 0x20020000
                0x00000000                _Min_Heap_Size = 0x0
                0x00000400                _Min_Stack_Size = 0x400

.isr_vector     0x08000000      0x188
                0x08000000                . = ALIGN (0x4)
 *(.isr_vector)
 .isr_vector    0x08000000      0x188 startup/startup_stm32f40xx.o
                0x08000000                g_pfnVectors
                0x08000188                . = ALIGN (0x4)

.text           0x08000188      0xb98
                0x08000188                . = ALIGN (0x4)
 *(.text)
 .text          0x08000188       0xa4 c:/ac6/systemworkbench/plugins/fr.ac6.mcu.externaltools.arm-none.win32_1.7.0.201602121829/tools/compiler/bin/../lib/gcc/arm-none-eabi/5.2.1/armv7e-m/fpu/crtbegin.o
 *(.text*)
 .text.SWITCH_CONFIG_PJN
                0x0800022c       0x34 src/SW_LED_PJN.o
                0x0800022c                SWITCH_CONFIG_PJN
 .text.LED_CONFIG_PJN
                0x08000260       0x38 src/SW_LED_PJN.o
                0x08000260                LED_CONFIG_PJN
 .text.NVIC_SetPriority
                0x08000298       0x54 src/main.o
 .text.SysTick_Config
                0x080002ec       0x44 src/main.o
 .text.main     0x08000330       0x28 src/main.o
                0x08000330                main
 .text.SysTick_Handler
                0x08000358       0x48 src/main.o
                0x08000358                SysTick_Handler
 .text.__serial_io_init
                0x080003a0       0x34 src/serial_io.o
                0x080003a0                __serial_io_init
 .text.SystemInit
                0x080003d4       0x6c src/system_stm32f4xx.o
                0x080003d4                SystemInit
 .text.SetSysClock
                0x08000440       0xf8 src/system_stm32f4xx.o
 .text.Reset_Handler
                0x08000538       0x4c startup/startup_stm32f40xx.o
                0x08000538                Reset_Handler
 .text.Default_Handler
                0x08000584        0x2 startup/startup_stm32f40xx.o
                0x08000584                RTC_Alarm_IRQHandler
                0x08000584                HASH_RNG_IRQHandler
                0x08000584                EXTI2_IRQHandler
                0x08000584                TIM8_CC_IRQHandler
                0x08000584                DebugMon_Handler
                0x08000584                TIM1_CC_IRQHandler
                0x08000584                DMA2_Stream5_IRQHandler
                0x08000584                HardFault_Handler
                0x08000584                DMA1_Stream5_IRQHandler
                0x08000584                PVD_IRQHandler
                0x08000584                SDIO_IRQHandler
                0x08000584                TAMP_STAMP_IRQHandler
                0x08000584                PendSV_Handler
                0x08000584                NMI_Handler
                0x08000584                CAN2_RX1_IRQHandler
                0x08000584                EXTI3_IRQHandler
                0x08000584                TIM8_TRG_COM_TIM14_IRQHandler
                0x08000584                TIM1_UP_TIM10_IRQHandler
                0x08000584                TIM8_UP_TIM13_IRQHandler
                0x08000584                I2C3_ER_IRQHandler
                0x08000584                EXTI0_IRQHandler
                0x08000584                I2C2_EV_IRQHandler
                0x08000584                DMA1_Stream2_IRQHandler
                0x08000584                CAN1_RX0_IRQHandler
                0x08000584                FPU_IRQHandler
                0x08000584                OTG_HS_WKUP_IRQHandler
                0x08000584                UsageFault_Handler
                0x08000584                CAN2_SCE_IRQHandler
                0x08000584                DMA2_Stream2_IRQHandler
                0x08000584                SPI1_IRQHandler
                0x08000584                TIM6_DAC_IRQHandler
                0x08000584                TIM1_BRK_TIM9_IRQHandler
                0x08000584                DCMI_IRQHandler
                0x08000584                CAN2_RX0_IRQHandler
                0x08000584                DMA2_Stream3_IRQHandler
                0x08000584                USART6_IRQHandler
                0x08000584                USART3_IRQHandler
                0x08000584                CRYP_IRQHandler
                0x08000584                CAN1_RX1_IRQHandler
                0x08000584                UART5_IRQHandler
                0x08000584                DMA2_Stream0_IRQHandler
                0x08000584                TIM4_IRQHandler
                0x08000584                I2C1_EV_IRQHandler
                0x08000584                DMA1_Stream6_IRQHandler
                0x08000584                DMA1_Stream1_IRQHandler
                0x08000584                UART4_IRQHandler
                0x08000584                TIM3_IRQHandler
                0x08000584                RCC_IRQHandler
                0x08000584                TIM8_BRK_TIM12_IRQHandler
                0x08000584                Default_Handler
                0x08000584                EXTI15_10_IRQHandler
                0x08000584                ADC_IRQHandler
                0x08000584                DMA1_Stream7_IRQHandler
                0x08000584                TIM7_IRQHandler
                0x08000584                CAN2_TX_IRQHandler
                0x08000584                TIM5_IRQHandler
                0x08000584                DMA2_Stream7_IRQHandler
                0x08000584                I2C3_EV_IRQHandler
                0x08000584                EXTI9_5_IRQHandler
                0x08000584                RTC_WKUP_IRQHandler
                0x08000584                ETH_WKUP_IRQHandler
                0x08000584                SPI2_IRQHandler
                0x08000584                OTG_HS_EP1_IN_IRQHandler
                0x08000584                MemManage_Handler
                0x08000584                DMA1_Stream0_IRQHandler
                0x08000584                CAN1_TX_IRQHandler
                0x08000584                SVC_Handler
                0x08000584                EXTI4_IRQHandler
                0x08000584                FSMC_IRQHandler
                0x08000584                ETH_IRQHandler
                0x08000584                OTG_HS_EP1_OUT_IRQHandler
                0x08000584                WWDG_IRQHandler
                0x08000584                TIM2_IRQHandler
                0x08000584                OTG_FS_WKUP_IRQHandler
                0x08000584                TIM1_TRG_COM_TIM11_IRQHandler
                0x08000584                OTG_HS_IRQHandler
                0x08000584                EXTI1_IRQHandler
                0x08000584                USART2_IRQHandler
                0x08000584                I2C2_ER_IRQHandler
                0x08000584                DMA2_Stream1_IRQHandler
                0x08000584                CAN1_SCE_IRQHandler
                0x08000584                FLASH_IRQHandler
                0x08000584                DMA2_Stream4_IRQHandler
                0x08000584                BusFault_Handler
                0x08000584                USART1_IRQHandler
                0x08000584                OTG_FS_IRQHandler
                0x08000584                SPI3_IRQHandler
                0x08000584                DMA1_Stream4_IRQHandler
                0x08000584                I2C1_ER_IRQHandler
                0x08000584                DMA2_Stream6_IRQHandler
                0x08000584                DMA1_Stream3_IRQHandler
 *fill*         0x08000586        0x2 
 .text.GPIO_Init
                0x08000588      0x11c C:\Users\namekarp\workspace\stm3240g-eval_stdperiph_lib\Debug\libstm3240g-eval_stdperiph_lib.a(stm32f4xx_gpio.o)
                0x08000588                GPIO_Init
 .text.GPIO_WriteBit
                0x080006a4       0x30 C:\Users\namekarp\workspace\stm3240g-eval_stdperiph_lib\Debug\libstm3240g-eval_stdperiph_lib.a(stm32f4xx_gpio.o)
                0x080006a4                GPIO_WriteBit
 .text.GPIO_PinAFConfig
                0x080006d4       0x94 C:\Users\namekarp\workspace\stm3240g-eval_stdperiph_lib\Debug\libstm3240g-eval_stdperiph_lib.a(stm32f4xx_gpio.o)
                0x080006d4                GPIO_PinAFConfig
 .text.RCC_GetClocksFreq
                0x08000768      0x154 C:\Users\namekarp\workspace\stm3240g-eval_stdperiph_lib\Debug\libstm3240g-eval_stdperiph_lib.a(stm32f4xx_rcc.o)
                0x08000768                RCC_GetClocksFreq
 .text.RCC_AHB1PeriphClockCmd
                0x080008bc       0x40 C:\Users\namekarp\workspace\stm3240g-eval_stdperiph_lib\Debug\libstm3240g-eval_stdperiph_lib.a(stm32f4xx_rcc.o)
                0x080008bc                RCC_AHB1PeriphClockCmd
 .text.RCC_APB1PeriphClockCmd
                0x080008fc       0x40 C:\Users\namekarp\workspace\stm3240g-eval_stdperiph_lib\Debug\libstm3240g-eval_stdperiph_lib.a(stm32f4xx_rcc.o)
                0x080008fc                RCC_APB1PeriphClockCmd
 .text.USART_Init
                0x0800093c      0x178 C:\Users\namekarp\workspace\stm3240g-eval_stdperiph_lib\Debug\libstm3240g-eval_stdperiph_lib.a(stm32f4xx_usart.o)
                0x0800093c                USART_Init
 .text.USART_Cmd
                0x08000ab4       0x40 C:\Users\namekarp\workspace\stm3240g-eval_stdperiph_lib\Debug\libstm3240g-eval_stdperiph_lib.a(stm32f4xx_usart.o)
                0x08000ab4                USART_Cmd
 .text.STM_EVAL_COMInit
                0x08000af4       0xd0 C:\Users\namekarp\workspace\stm3240g-eval_stdperiph_lib\Debug\libstm3240g-eval_stdperiph_lib.a(stm324xg_eval.o)
                0x08000af4                STM_EVAL_COMInit
 .text.__libc_init_array
                0x08000bc4       0x50 c:/ac6/systemworkbench/plugins/fr.ac6.mcu.externaltools.arm-none.win32_1.7.0.201602121829/tools/compiler/bin/../lib/gcc/arm-none-eabi/5.2.1/../../../../arm-none-eabi/lib/armv7e-m/fpu\libc.a(lib_a-init.o)
                0x08000bc4                __libc_init_array
 .text.startup.register_fini
                0x08000c14       0x14 c:/ac6/systemworkbench/plugins/fr.ac6.mcu.externaltools.arm-none.win32_1.7.0.201602121829/tools/compiler/bin/../lib/gcc/arm-none-eabi/5.2.1/../../../../arm-none-eabi/lib/armv7e-m/fpu\libc.a(lib_a-__call_atexit.o)
 .text.atexit   0x08000c28        0xc c:/ac6/systemworkbench/plugins/fr.ac6.mcu.externaltools.arm-none.win32_1.7.0.201602121829/tools/compiler/bin/../lib/gcc/arm-none-eabi/5.2.1/../../../../arm-none-eabi/lib/armv7e-m/fpu\libc.a(lib_a-atexit.o)
                0x08000c28                atexit
 .text.__libc_fini_array
                0x08000c34       0x28 c:/ac6/systemworkbench/plugins/fr.ac6.mcu.externaltools.arm-none.win32_1.7.0.201602121829/tools/compiler/bin/../lib/gcc/arm-none-eabi/5.2.1/../../../../arm-none-eabi/lib/armv7e-m/fpu\libc.a(lib_a-fini.o)
                0x08000c34                __libc_fini_array
 .text.__register_exitproc
                0x08000c5c       0xa4 c:/ac6/systemworkbench/plugins/fr.ac6.mcu.externaltools.arm-none.win32_1.7.0.201602121829/tools/compiler/bin/../lib/gcc/arm-none-eabi/5.2.1/../../../../arm-none-eabi/lib/armv7e-m/fpu\libc.a(lib_a-__atexit.o)
                0x08000c5c                __register_exitproc
 *(.rodata)
 *(.rodata*)
 .rodata.str1.4
                0x08000d00        0x4 c:/ac6/systemworkbench/plugins/fr.ac6.mcu.externaltools.arm-none.win32_1.7.0.201602121829/tools/compiler/bin/../lib/gcc/arm-none-eabi/5.2.1/../../../../arm-none-eabi/lib/armv7e-m/fpu\libc.a(lib_a-impure.o)
                                  0x2 (size before relaxing)
 .rodata._global_impure_ptr
                0x08000d04        0x4 c:/ac6/systemworkbench/plugins/fr.ac6.mcu.externaltools.arm-none.win32_1.7.0.201602121829/tools/compiler/bin/../lib/gcc/arm-none-eabi/5.2.1/../../../../arm-none-eabi/lib/armv7e-m/fpu\libc.a(lib_a-impure.o)
                0x08000d04                _global_impure_ptr
 *(.glue_7)
 .glue_7        0x08000d08        0x0 linker stubs
 *(.glue_7t)
 .glue_7t       0x08000d08        0x0 linker stubs
 *(.eh_frame)
 .eh_frame      0x08000d08        0x0 c:/ac6/systemworkbench/plugins/fr.ac6.mcu.externaltools.arm-none.win32_1.7.0.201602121829/tools/compiler/bin/../lib/gcc/arm-none-eabi/5.2.1/armv7e-m/fpu/crtbegin.o
 *(.init)
 .init          0x08000d08        0x4 c:/ac6/systemworkbench/plugins/fr.ac6.mcu.externaltools.arm-none.win32_1.7.0.201602121829/tools/compiler/bin/../lib/gcc/arm-none-eabi/5.2.1/armv7e-m/fpu/crti.o
                0x08000d08                _init
 .init          0x08000d0c        0x8 c:/ac6/systemworkbench/plugins/fr.ac6.mcu.externaltools.arm-none.win32_1.7.0.201602121829/tools/compiler/bin/../lib/gcc/arm-none-eabi/5.2.1/armv7e-m/fpu/crtn.o
 *(.fini)
 .fini          0x08000d14        0x4 c:/ac6/systemworkbench/plugins/fr.ac6.mcu.externaltools.arm-none.win32_1.7.0.201602121829/tools/compiler/bin/../lib/gcc/arm-none-eabi/5.2.1/armv7e-m/fpu/crti.o
                0x08000d14                _fini
 .fini          0x08000d18        0x8 c:/ac6/systemworkbench/plugins/fr.ac6.mcu.externaltools.arm-none.win32_1.7.0.201602121829/tools/compiler/bin/../lib/gcc/arm-none-eabi/5.2.1/armv7e-m/fpu/crtn.o
                0x08000d20                . = ALIGN (0x4)
                0x08000d20                _etext = .

.vfp11_veneer   0x08000d20        0x0
 .vfp11_veneer  0x08000d20        0x0 linker stubs

.v4_bx          0x08000d20        0x0
 .v4_bx         0x08000d20        0x0 linker stubs

.iplt           0x08000d20        0x0
 .iplt          0x08000d20        0x0 c:/ac6/systemworkbench/plugins/fr.ac6.mcu.externaltools.arm-none.win32_1.7.0.201602121829/tools/compiler/bin/../lib/gcc/arm-none-eabi/5.2.1/armv7e-m/fpu/crtbegin.o

.rel.dyn        0x08000d20        0x0
 .rel.iplt      0x08000d20        0x0 c:/ac6/systemworkbench/plugins/fr.ac6.mcu.externaltools.arm-none.win32_1.7.0.201602121829/tools/compiler/bin/../lib/gcc/arm-none-eabi/5.2.1/armv7e-m/fpu/crtbegin.o

.ARM.extab
 *(.ARM.extab* .gnu.linkonce.armextab.*)

.ARM            0x08000d20        0x0
                0x08000d20                __exidx_start = .
 *(.ARM.exidx*)
                0x08000d20                __exidx_end = .

.preinit_array  0x08000d20        0x0
                0x08000d20                PROVIDE (__preinit_array_start, .)
 *(.preinit_array*)
                0x08000d20                PROVIDE (__preinit_array_end, .)

.init_array     0x08000d20        0x8
                0x08000d20                PROVIDE (__init_array_start, .)
 *(SORT(.init_array.*))
 .init_array.00000
                0x08000d20        0x4 c:/ac6/systemworkbench/plugins/fr.ac6.mcu.externaltools.arm-none.win32_1.7.0.201602121829/tools/compiler/bin/../lib/gcc/arm-none-eabi/5.2.1/../../../../arm-none-eabi/lib/armv7e-m/fpu\libc.a(lib_a-__call_atexit.o)
 *(.init_array*)
 .init_array    0x08000d24        0x4 c:/ac6/systemworkbench/plugins/fr.ac6.mcu.externaltools.arm-none.win32_1.7.0.201602121829/tools/compiler/bin/../lib/gcc/arm-none-eabi/5.2.1/armv7e-m/fpu/crtbegin.o
                0x08000d28                PROVIDE (__init_array_end, .)

.fini_array     0x08000d28        0x4
                0x08000d28                PROVIDE (__fini_array_start, .)
 *(SORT(.fini_array.*))
 *(.fini_array*)
 .fini_array    0x08000d28        0x4 c:/ac6/systemworkbench/plugins/fr.ac6.mcu.externaltools.arm-none.win32_1.7.0.201602121829/tools/compiler/bin/../lib/gcc/arm-none-eabi/5.2.1/armv7e-m/fpu/crtbegin.o
                0x08000d2c                PROVIDE (__fini_array_end, .)
                0x08000d2c                _sidata = LOADADDR (.data)

.data           0x20000000      0x478 load address 0x08000d2c
                0x20000000                . = ALIGN (0x4)
                0x20000000                _sdata = .
 *(.data)
 .data          0x20000000       0x14 src/system_stm32f4xx.o
                0x20000000                SystemCoreClock
                0x20000004                AHBPrescTable
 .data          0x20000014       0x10 C:\Users\namekarp\workspace\stm3240g-eval_stdperiph_lib\Debug\libstm3240g-eval_stdperiph_lib.a(stm32f4xx_rcc.o)
 .data          0x20000024       0x28 C:\Users\namekarp\workspace\stm3240g-eval_stdperiph_lib\Debug\libstm3240g-eval_stdperiph_lib.a(stm324xg_eval.o)
                0x20000024                GPIO_PORT
                0x20000034                BUTTON_PORT
                0x20000040                COM_USART
                0x20000044                COM_TX_PORT
                0x20000048                COM_RX_PORT
 *(.data*)
 *fill*         0x2000004c        0x4 
 .data.impure_data
                0x20000050      0x428 c:/ac6/systemworkbench/plugins/fr.ac6.mcu.externaltools.arm-none.win32_1.7.0.201602121829/tools/compiler/bin/../lib/gcc/arm-none-eabi/5.2.1/../../../../arm-none-eabi/lib/armv7e-m/fpu\libc.a(lib_a-impure.o)
                0x20000478                . = ALIGN (0x4)
                0x20000478                _edata = .
                0x080011a4                _siccmram = LOADADDR (.ccmram)

.jcr            0x20000478        0x0 load address 0x080011a4
 .jcr           0x20000478        0x0 c:/ac6/systemworkbench/plugins/fr.ac6.mcu.externaltools.arm-none.win32_1.7.0.201602121829/tools/compiler/bin/../lib/gcc/arm-none-eabi/5.2.1/armv7e-m/fpu/crtbegin.o

.tm_clone_table
                0x20000478        0x0 load address 0x080011a4
 .tm_clone_table
                0x20000478        0x0 c:/ac6/systemworkbench/plugins/fr.ac6.mcu.externaltools.arm-none.win32_1.7.0.201602121829/tools/compiler/bin/../lib/gcc/arm-none-eabi/5.2.1/armv7e-m/fpu/crtbegin.o
 .tm_clone_table
                0x20000478        0x0 c:/ac6/systemworkbench/plugins/fr.ac6.mcu.externaltools.arm-none.win32_1.7.0.201602121829/tools/compiler/bin/../lib/gcc/arm-none-eabi/5.2.1/armv7e-m/fpu/crtend.o

.igot.plt       0x20000478        0x0 load address 0x080011a4
 .igot.plt      0x20000478        0x0 c:/ac6/systemworkbench/plugins/fr.ac6.mcu.externaltools.arm-none.win32_1.7.0.201602121829/tools/compiler/bin/../lib/gcc/arm-none-eabi/5.2.1/armv7e-m/fpu/crtbegin.o

.ccmram         0x10000000        0x0 load address 0x080011a4
                0x10000000                . = ALIGN (0x4)
                0x10000000                _sccmram = .
 *(.ccmram)
 *(.ccmram*)
                0x10000000                . = ALIGN (0x4)
                0x10000000                _eccmram = .
                0x10000000                . = ALIGN (0x4)

.bss            0x20000478       0x34
                0x20000478                _sbss = .
                0x20000478                __bss_start__ = _sbss
 *(.bss)
 .bss           0x20000478       0x1c c:/ac6/systemworkbench/plugins/fr.ac6.mcu.externaltools.arm-none.win32_1.7.0.201602121829/tools/compiler/bin/../lib/gcc/arm-none-eabi/5.2.1/armv7e-m/fpu/crtbegin.o
 .bss           0x20000494        0x4 src/main.o
 *(.bss*)
 *(COMMON)
 COMMON         0x20000498       0x10 src/SW_LED_PJN.o
                0x20000498                gpio_pjn1
                0x200004a0                gpio_pjn
 COMMON         0x200004a8        0x4 src/main.o
                0x200004a8                toggle
                0x200004ac                . = ALIGN (0x4)
                0x200004ac                _ebss = .
                0x200004ac                __bss_end__ = _ebss

._user_heap_stack
                0x200004ac      0x404
                0x200004b0                . = ALIGN (0x8)
 *fill*         0x200004ac        0x4 
                0x200004b0                PROVIDE (end, .)
                [!provide]                PROVIDE (_end, .)
                0x200004b0                . = (. + _Min_Heap_Size)
                0x200008b0                . = (. + _Min_Stack_Size)
 *fill*         0x200004b0      0x400 
                0x200008b0                . = ALIGN (0x8)

.memory_b1_text
 *(.mb1text)
 *(.mb1text*)
 *(.mb1rodata)
 *(.mb1rodata*)

.ARM.attributes
                0x00000000       0x30
 *(.ARM.attributes)
 .ARM.attributes
                0x00000000       0x22 c:/ac6/systemworkbench/plugins/fr.ac6.mcu.externaltools.arm-none.win32_1.7.0.201602121829/tools/compiler/bin/../lib/gcc/arm-none-eabi/5.2.1/armv7e-m/fpu/crti.o
 .ARM.attributes
                0x00000022       0x34 c:/ac6/systemworkbench/plugins/fr.ac6.mcu.externaltools.arm-none.win32_1.7.0.201602121829/tools/compiler/bin/../lib/gcc/arm-none-eabi/5.2.1/armv7e-m/fpu/crtbegin.o
 .ARM.attributes
                0x00000056       0x39 src/SW_LED_PJN.o
 .ARM.attributes
                0x0000008f       0x39 src/main.o
 .ARM.attributes
                0x000000c8       0x39 src/serial_io.o
 .ARM.attributes
                0x00000101       0x39 src/system_stm32f4xx.o
 .ARM.attributes
                0x0000013a       0x21 startup/startup_stm32f40xx.o
 .ARM.attributes
                0x0000015b       0x39 C:\Users\namekarp\workspace\stm3240g-eval_stdperiph_lib\Debug\libstm3240g-eval_stdperiph_lib.a(stm32f4xx_gpio.o)
 .ARM.attributes
                0x00000194       0x39 C:\Users\namekarp\workspace\stm3240g-eval_stdperiph_lib\Debug\libstm3240g-eval_stdperiph_lib.a(stm32f4xx_rcc.o)
 .ARM.attributes
                0x000001cd       0x39 C:\Users\namekarp\workspace\stm3240g-eval_stdperiph_lib\Debug\libstm3240g-eval_stdperiph_lib.a(stm32f4xx_usart.o)
 .ARM.attributes
                0x00000206       0x39 C:\Users\namekarp\workspace\stm3240g-eval_stdperiph_lib\Debug\libstm3240g-eval_stdperiph_lib.a(stm324xg_eval.o)
 .ARM.attributes
                0x0000023f       0x34 c:/ac6/systemworkbench/plugins/fr.ac6.mcu.externaltools.arm-none.win32_1.7.0.201602121829/tools/compiler/bin/../lib/gcc/arm-none-eabi/5.2.1/../../../../arm-none-eabi/lib/armv7e-m/fpu\libc.a(lib_a-impure.o)
 .ARM.attributes
                0x00000273       0x34 c:/ac6/systemworkbench/plugins/fr.ac6.mcu.externaltools.arm-none.win32_1.7.0.201602121829/tools/compiler/bin/../lib/gcc/arm-none-eabi/5.2.1/../../../../arm-none-eabi/lib/armv7e-m/fpu\libc.a(lib_a-init.o)
 .ARM.attributes
                0x000002a7       0x34 c:/ac6/systemworkbench/plugins/fr.ac6.mcu.externaltools.arm-none.win32_1.7.0.201602121829/tools/compiler/bin/../lib/gcc/arm-none-eabi/5.2.1/../../../../arm-none-eabi/lib/armv7e-m/fpu\libc.a(lib_a-__call_atexit.o)
 .ARM.attributes
                0x000002db       0x34 c:/ac6/systemworkbench/plugins/fr.ac6.mcu.externaltools.arm-none.win32_1.7.0.201602121829/tools/compiler/bin/../lib/gcc/arm-none-eabi/5.2.1/../../../../arm-none-eabi/lib/armv7e-m/fpu\libc.a(lib_a-atexit.o)
 .ARM.attributes
                0x0000030f       0x34 c:/ac6/systemworkbench/plugins/fr.ac6.mcu.externaltools.arm-none.win32_1.7.0.201602121829/tools/compiler/bin/../lib/gcc/arm-none-eabi/5.2.1/../../../../arm-none-eabi/lib/armv7e-m/fpu\libc.a(lib_a-fini.o)
 .ARM.attributes
                0x00000343       0x34 c:/ac6/systemworkbench/plugins/fr.ac6.mcu.externaltools.arm-none.win32_1.7.0.201602121829/tools/compiler/bin/../lib/gcc/arm-none-eabi/5.2.1/../../../../arm-none-eabi/lib/armv7e-m/fpu\libc.a(lib_a-__atexit.o)
 .ARM.attributes
                0x00000377       0x34 c:/ac6/systemworkbench/plugins/fr.ac6.mcu.externaltools.arm-none.win32_1.7.0.201602121829/tools/compiler/bin/../lib/gcc/arm-none-eabi/5.2.1/armv7e-m/fpu/crtend.o
 .ARM.attributes
                0x000003ab       0x22 c:/ac6/systemworkbench/plugins/fr.ac6.mcu.externaltools.arm-none.win32_1.7.0.201602121829/tools/compiler/bin/../lib/gcc/arm-none-eabi/5.2.1/armv7e-m/fpu/crtn.o

.ExtRAMData
 *(.ExtRAMData)
OUTPUT(SYSTICK_DELAY_PJN_1.elf elf32-littlearm)

.debug_info     0x00000000     0x3eff
 .debug_info    0x00000000      0x2dd src/SW_LED_PJN.o
 .debug_info    0x000002dd      0x781 src/main.o
 .debug_info    0x00000a5e      0x29e src/serial_io.o
 .debug_info    0x00000cfc      0x5ab src/system_stm32f4xx.o
 .debug_info    0x000012a7       0x7b startup/startup_stm32f40xx.o
 .debug_info    0x00001322      0x625 C:\Users\namekarp\workspace\stm3240g-eval_stdperiph_lib\Debug\libstm3240g-eval_stdperiph_lib.a(stm32f4xx_gpio.o)
 .debug_info    0x00001947      0xc87 C:\Users\namekarp\workspace\stm3240g-eval_stdperiph_lib\Debug\libstm3240g-eval_stdperiph_lib.a(stm32f4xx_rcc.o)
 .debug_info    0x000025ce      0x9d2 C:\Users\namekarp\workspace\stm3240g-eval_stdperiph_lib\Debug\libstm3240g-eval_stdperiph_lib.a(stm32f4xx_usart.o)
 .debug_info    0x00002fa0      0xf5f C:\Users\namekarp\workspace\stm3240g-eval_stdperiph_lib\Debug\libstm3240g-eval_stdperiph_lib.a(stm324xg_eval.o)

.debug_abbrev   0x00000000      0xc09
 .debug_abbrev  0x00000000      0x108 src/SW_LED_PJN.o
 .debug_abbrev  0x00000108      0x19e src/main.o
 .debug_abbrev  0x000002a6      0x144 src/serial_io.o
 .debug_abbrev  0x000003ea      0x13d src/system_stm32f4xx.o
 .debug_abbrev  0x00000527       0x12 startup/startup_stm32f40xx.o
 .debug_abbrev  0x00000539      0x1ac C:\Users\namekarp\workspace\stm3240g-eval_stdperiph_lib\Debug\libstm3240g-eval_stdperiph_lib.a(stm32f4xx_gpio.o)
 .debug_abbrev  0x000006e5      0x1ea C:\Users\namekarp\workspace\stm3240g-eval_stdperiph_lib\Debug\libstm3240g-eval_stdperiph_lib.a(stm32f4xx_rcc.o)
 .debug_abbrev  0x000008cf      0x15c C:\Users\namekarp\workspace\stm3240g-eval_stdperiph_lib\Debug\libstm3240g-eval_stdperiph_lib.a(stm32f4xx_usart.o)
 .debug_abbrev  0x00000a2b      0x1de C:\Users\namekarp\workspace\stm3240g-eval_stdperiph_lib\Debug\libstm3240g-eval_stdperiph_lib.a(stm324xg_eval.o)

.debug_aranges  0x00000000      0x480
 .debug_aranges
                0x00000000       0x28 src/SW_LED_PJN.o
 .debug_aranges
                0x00000028       0x38 src/main.o
 .debug_aranges
                0x00000060       0x30 src/serial_io.o
 .debug_aranges
                0x00000090       0x30 src/system_stm32f4xx.o
 .debug_aranges
                0x000000c0       0x30 startup/startup_stm32f40xx.o
 .debug_aranges
                0x000000f0       0x88 C:\Users\namekarp\workspace\stm3240g-eval_stdperiph_lib\Debug\libstm3240g-eval_stdperiph_lib.a(stm32f4xx_gpio.o)
 .debug_aranges
                0x00000178      0x180 C:\Users\namekarp\workspace\stm3240g-eval_stdperiph_lib\Debug\libstm3240g-eval_stdperiph_lib.a(stm32f4xx_rcc.o)
 .debug_aranges
                0x000002f8      0x100 C:\Users\namekarp\workspace\stm3240g-eval_stdperiph_lib\Debug\libstm3240g-eval_stdperiph_lib.a(stm32f4xx_usart.o)
 .debug_aranges
                0x000003f8       0x88 C:\Users\namekarp\workspace\stm3240g-eval_stdperiph_lib\Debug\libstm3240g-eval_stdperiph_lib.a(stm324xg_eval.o)

.debug_ranges   0x00000000      0x3f8
 .debug_ranges  0x00000000       0x18 src/SW_LED_PJN.o
 .debug_ranges  0x00000018       0x28 src/main.o
 .debug_ranges  0x00000040       0x20 src/serial_io.o
 .debug_ranges  0x00000060       0x20 src/system_stm32f4xx.o
 .debug_ranges  0x00000080       0x28 startup/startup_stm32f40xx.o
 .debug_ranges  0x000000a8       0x78 C:\Users\namekarp\workspace\stm3240g-eval_stdperiph_lib\Debug\libstm3240g-eval_stdperiph_lib.a(stm32f4xx_gpio.o)
 .debug_ranges  0x00000120      0x170 C:\Users\namekarp\workspace\stm3240g-eval_stdperiph_lib\Debug\libstm3240g-eval_stdperiph_lib.a(stm32f4xx_rcc.o)
 .debug_ranges  0x00000290       0xf0 C:\Users\namekarp\workspace\stm3240g-eval_stdperiph_lib\Debug\libstm3240g-eval_stdperiph_lib.a(stm32f4xx_usart.o)
 .debug_ranges  0x00000380       0x78 C:\Users\namekarp\workspace\stm3240g-eval_stdperiph_lib\Debug\libstm3240g-eval_stdperiph_lib.a(stm324xg_eval.o)

.debug_macro    0x00000000    0x1006c
 .debug_macro   0x00000000      0x1c9 src/SW_LED_PJN.o
 .debug_macro   0x000001c9      0x8aa src/SW_LED_PJN.o
 .debug_macro   0x00000a73       0x5d src/SW_LED_PJN.o
 .debug_macro   0x00000ad0       0x3b src/SW_LED_PJN.o
 .debug_macro   0x00000b0b       0x22 src/SW_LED_PJN.o
 .debug_macro   0x00000b2d       0x44 src/SW_LED_PJN.o
 .debug_macro   0x00000b71       0xfd src/SW_LED_PJN.o
 .debug_macro   0x00000c6e       0x22 src/SW_LED_PJN.o
 .debug_macro   0x00000c90      0x1df src/SW_LED_PJN.o
 .debug_macro   0x00000e6f       0x18 src/SW_LED_PJN.o
 .debug_macro   0x00000e87       0x42 src/SW_LED_PJN.o
 .debug_macro   0x00000ec9      0xd39 src/SW_LED_PJN.o
 .debug_macro   0x00001c02     0x822c src/SW_LED_PJN.o
 .debug_macro   0x00009e2e      0x44f src/SW_LED_PJN.o
 .debug_macro   0x0000a27d      0x3cf src/SW_LED_PJN.o
 .debug_macro   0x0000a64c      0x144 src/SW_LED_PJN.o
 .debug_macro   0x0000a790      0x188 src/SW_LED_PJN.o
 .debug_macro   0x0000a918       0xb2 src/SW_LED_PJN.o
 .debug_macro   0x0000a9ca      0x149 src/SW_LED_PJN.o
 .debug_macro   0x0000ab13      0x477 src/SW_LED_PJN.o
 .debug_macro   0x0000af8a       0xae src/SW_LED_PJN.o
 .debug_macro   0x0000b038      0x2f7 src/SW_LED_PJN.o
 .debug_macro   0x0000b32f      0x279 src/SW_LED_PJN.o
 .debug_macro   0x0000b5a8       0xc3 src/SW_LED_PJN.o
 .debug_macro   0x0000b66b      0x288 src/SW_LED_PJN.o
 .debug_macro   0x0000b8f3      0x2bb src/SW_LED_PJN.o
 .debug_macro   0x0000bbae       0x64 src/SW_LED_PJN.o
 .debug_macro   0x0000bc12       0xae src/SW_LED_PJN.o
 .debug_macro   0x0000bcc0      0x57c src/SW_LED_PJN.o
 .debug_macro   0x0000c23c       0x40 src/SW_LED_PJN.o
 .debug_macro   0x0000c27c      0x57b src/SW_LED_PJN.o
 .debug_macro   0x0000c7f7      0x342 src/SW_LED_PJN.o
 .debug_macro   0x0000cb39      0x36c src/SW_LED_PJN.o
 .debug_macro   0x0000cea5       0xe2 src/SW_LED_PJN.o
 .debug_macro   0x0000cf87      0x73b src/SW_LED_PJN.o
 .debug_macro   0x0000d6c2      0x223 src/SW_LED_PJN.o
 .debug_macro   0x0000d8e5       0x34 src/SW_LED_PJN.o
 .debug_macro   0x0000d919       0x82 src/SW_LED_PJN.o
 .debug_macro   0x0000d99b       0x35 src/SW_LED_PJN.o
 .debug_macro   0x0000d9d0      0x3d4 src/SW_LED_PJN.o
 .debug_macro   0x0000dda4      0x2ea src/SW_LED_PJN.o
 .debug_macro   0x0000e08e      0x1c9 src/main.o
 .debug_macro   0x0000e257      0x1c8 src/serial_io.o
 .debug_macro   0x0000e41f       0x10 src/serial_io.o
 .debug_macro   0x0000e42f      0x1ca src/system_stm32f4xx.o
 .debug_macro   0x0000e5f9      0x1b5 C:\Users\namekarp\workspace\stm3240g-eval_stdperiph_lib\Debug\libstm3240g-eval_stdperiph_lib.a(stm32f4xx_gpio.o)
 .debug_macro   0x0000e7ae      0x8a4 C:\Users\namekarp\workspace\stm3240g-eval_stdperiph_lib\Debug\libstm3240g-eval_stdperiph_lib.a(stm32f4xx_gpio.o)
 .debug_macro   0x0000f052      0x282 C:\Users\namekarp\workspace\stm3240g-eval_stdperiph_lib\Debug\libstm3240g-eval_stdperiph_lib.a(stm32f4xx_gpio.o)
 .debug_macro   0x0000f2d4      0x26d C:\Users\namekarp\workspace\stm3240g-eval_stdperiph_lib\Debug\libstm3240g-eval_stdperiph_lib.a(stm32f4xx_rcc.o)
 .debug_macro   0x0000f541      0x576 C:\Users\namekarp\workspace\stm3240g-eval_stdperiph_lib\Debug\libstm3240g-eval_stdperiph_lib.a(stm32f4xx_rcc.o)
 .debug_macro   0x0000fab7      0x1cd C:\Users\namekarp\workspace\stm3240g-eval_stdperiph_lib\Debug\libstm3240g-eval_stdperiph_lib.a(stm32f4xx_usart.o)
 .debug_macro   0x0000fc84      0x21d C:\Users\namekarp\workspace\stm3240g-eval_stdperiph_lib\Debug\libstm3240g-eval_stdperiph_lib.a(stm32f4xx_usart.o)
 .debug_macro   0x0000fea1      0x1cb C:\Users\namekarp\workspace\stm3240g-eval_stdperiph_lib\Debug\libstm3240g-eval_stdperiph_lib.a(stm324xg_eval.o)

.debug_line     0x00000000     0x3f0e
 .debug_line    0x00000000      0x71e src/SW_LED_PJN.o
 .debug_line    0x0000071e      0x750 src/main.o
 .debug_line    0x00000e6e      0x73f src/serial_io.o
 .debug_line    0x000015ad      0x674 src/system_stm32f4xx.o
 .debug_line    0x00001c21       0x8d startup/startup_stm32f40xx.o
 .debug_line    0x00001cae      0x77c C:\Users\namekarp\workspace\stm3240g-eval_stdperiph_lib\Debug\libstm3240g-eval_stdperiph_lib.a(stm32f4xx_gpio.o)
 .debug_line    0x0000242a      0x9d5 C:\Users\namekarp\workspace\stm3240g-eval_stdperiph_lib\Debug\libstm3240g-eval_stdperiph_lib.a(stm32f4xx_rcc.o)
 .debug_line    0x00002dff      0x8d2 C:\Users\namekarp\workspace\stm3240g-eval_stdperiph_lib\Debug\libstm3240g-eval_stdperiph_lib.a(stm32f4xx_usart.o)
 .debug_line    0x000036d1      0x83d C:\Users\namekarp\workspace\stm3240g-eval_stdperiph_lib\Debug\libstm3240g-eval_stdperiph_lib.a(stm324xg_eval.o)

.debug_str      0x00000000    0x5c47b
 .debug_str     0x00000000    0x5a49f src/SW_LED_PJN.o
                              0x5a64a (size before relaxing)
 .debug_str     0x0005a49f      0x5fd src/main.o
                              0x5ab0d (size before relaxing)
 .debug_str     0x0005aa9c      0x121 src/serial_io.o
                              0x5a5ca (size before relaxing)
 .debug_str     0x0005abbd      0x193 src/system_stm32f4xx.o
                              0x58ef2 (size before relaxing)
 .debug_str     0x0005ad50      0x1ca C:\Users\namekarp\workspace\stm3240g-eval_stdperiph_lib\Debug\libstm3240g-eval_stdperiph_lib.a(stm32f4xx_gpio.o)
                              0x58fb7 (size before relaxing)
 .debug_str     0x0005af1a      0xaf2 C:\Users\namekarp\workspace\stm3240g-eval_stdperiph_lib\Debug\libstm3240g-eval_stdperiph_lib.a(stm32f4xx_rcc.o)
                              0x598ee (size before relaxing)
 .debug_str     0x0005ba0c      0x4b4 C:\Users\namekarp\workspace\stm3240g-eval_stdperiph_lib\Debug\libstm3240g-eval_stdperiph_lib.a(stm32f4xx_usart.o)
                              0x592c7 (size before relaxing)
 .debug_str     0x0005bec0      0x5bb C:\Users\namekarp\workspace\stm3240g-eval_stdperiph_lib\Debug\libstm3240g-eval_stdperiph_lib.a(stm324xg_eval.o)
                              0x5b26d (size before relaxing)

.comment        0x00000000       0x6e
 .comment       0x00000000       0x6e src/SW_LED_PJN.o
                                 0x6f (size before relaxing)
 .comment       0x0000006e       0x6f src/main.o
 .comment       0x0000006e       0x6f src/serial_io.o
 .comment       0x0000006e       0x6f src/system_stm32f4xx.o
 .comment       0x0000006e       0x6f C:\Users\namekarp\workspace\stm3240g-eval_stdperiph_lib\Debug\libstm3240g-eval_stdperiph_lib.a(stm32f4xx_gpio.o)
 .comment       0x0000006e       0x6f C:\Users\namekarp\workspace\stm3240g-eval_stdperiph_lib\Debug\libstm3240g-eval_stdperiph_lib.a(stm32f4xx_rcc.o)
 .comment       0x0000006e       0x6f C:\Users\namekarp\workspace\stm3240g-eval_stdperiph_lib\Debug\libstm3240g-eval_stdperiph_lib.a(stm32f4xx_usart.o)
 .comment       0x0000006e       0x6f C:\Users\namekarp\workspace\stm3240g-eval_stdperiph_lib\Debug\libstm3240g-eval_stdperiph_lib.a(stm324xg_eval.o)

.debug_frame    0x00000000     0x12ac
 .debug_frame   0x00000000       0x48 src/SW_LED_PJN.o
 .debug_frame   0x00000048       0x94 src/main.o
 .debug_frame   0x000000dc       0x74 src/serial_io.o
 .debug_frame   0x00000150       0x7c src/system_stm32f4xx.o
 .debug_frame   0x000001cc      0x23c C:\Users\namekarp\workspace\stm3240g-eval_stdperiph_lib\Debug\libstm3240g-eval_stdperiph_lib.a(stm32f4xx_gpio.o)
 .debug_frame   0x00000408      0x6fc C:\Users\namekarp\workspace\stm3240g-eval_stdperiph_lib\Debug\libstm3240g-eval_stdperiph_lib.a(stm32f4xx_rcc.o)
 .debug_frame   0x00000b04      0x490 C:\Users\namekarp\workspace\stm3240g-eval_stdperiph_lib\Debug\libstm3240g-eval_stdperiph_lib.a(stm32f4xx_usart.o)
 .debug_frame   0x00000f94      0x214 C:\Users\namekarp\workspace\stm3240g-eval_stdperiph_lib\Debug\libstm3240g-eval_stdperiph_lib.a(stm324xg_eval.o)
 .debug_frame   0x000011a8       0x2c c:/ac6/systemworkbench/plugins/fr.ac6.mcu.externaltools.arm-none.win32_1.7.0.201602121829/tools/compiler/bin/../lib/gcc/arm-none-eabi/5.2.1/../../../../arm-none-eabi/lib/armv7e-m/fpu\libc.a(lib_a-init.o)
 .debug_frame   0x000011d4       0x50 c:/ac6/systemworkbench/plugins/fr.ac6.mcu.externaltools.arm-none.win32_1.7.0.201602121829/tools/compiler/bin/../lib/gcc/arm-none-eabi/5.2.1/../../../../arm-none-eabi/lib/armv7e-m/fpu\libc.a(lib_a-__call_atexit.o)
 .debug_frame   0x00001224       0x20 c:/ac6/systemworkbench/plugins/fr.ac6.mcu.externaltools.arm-none.win32_1.7.0.201602121829/tools/compiler/bin/../lib/gcc/arm-none-eabi/5.2.1/../../../../arm-none-eabi/lib/armv7e-m/fpu\libc.a(lib_a-atexit.o)
 .debug_frame   0x00001244       0x34 c:/ac6/systemworkbench/plugins/fr.ac6.mcu.externaltools.arm-none.win32_1.7.0.201602121829/tools/compiler/bin/../lib/gcc/arm-none-eabi/5.2.1/../../../../arm-none-eabi/lib/armv7e-m/fpu\libc.a(lib_a-fini.o)
 .debug_frame   0x00001278       0x34 c:/ac6/systemworkbench/plugins/fr.ac6.mcu.externaltools.arm-none.win32_1.7.0.201602121829/tools/compiler/bin/../lib/gcc/arm-none-eabi/5.2.1/../../../../arm-none-eabi/lib/armv7e-m/fpu\libc.a(lib_a-__atexit.o)
